<html>
<body>
<pre>
<h1>礦ision Build Log</h1>
<h2>Tool Versions:</h2>
IDE-Version: μVision V5.21.1.0
Copyright (C) 2016 ARM Ltd and ARM Germany GmbH. All rights reserved.
License Information: 1 1, 1, LIC=QF82M-XMGPZ-LQR0Q-NJ9MJ-UMX3F-7S9I5
 
Tool Versions:
Toolchain:       MDK-ARM Plus  Version: 5.21a
Toolchain Path:  C:\Keil_v5\ARM\ARMCC\Bin
C Compiler:      Armcc.exe V5.06 update 3 (build 300)
Assembler:       Armasm.exe V5.06 update 3 (build 300)
Linker/Locator:  ArmLink.exe V5.06 update 3 (build 300)
Library Manager: ArmAr.exe V5.06 update 3 (build 300)
Hex Converter:   FromElf.exe V5.06 update 3 (build 300)
CPU DLL:         SARMCM3.DLL V5.21a
Dialog DLL:      DCM.DLL V1.13.8.0
Target DLL:      Segger\JL2CM3.dll V2.99.23.0
Dialog DLL:      TCM.DLL V1.14.14.0
 
<h2>Project:</h2>
C:\Users\22941\Desktop\高压项目\Development\高压项目代码8.0\MDK-ARM\App_Framework.uvprojx
Project File Date:  10/22/2025

<h2>Output:</h2>
*** Using Compiler 'V5.06 update 3 (build 300)', folder: 'C:\Keil_v5\ARM\ARMCC\Bin'
Rebuild target 'App_Framework'
compiling pt1000_temp_calibration.c...
compiling gcu_control_dbc.c...
compiling optimized_task_scheduler.c...
compiling unified_filter.c...
compiling fault_diagnosis.c...
compiling can_config.c...
compiling sensor.c...
compiling valve_control.c...
compiling clock_config.c...
compiling main.c...
compiling debugout_ac7840x.c...
compiling acmp_irq.c...
compiling adc_irq.c...
compiling acmp_hw.c...
compiling acmp_drv.c...
compiling can_hw.c...
compiling adc_hw.c...
compiling adc_drv.c...
compiling can_drv.c...
compiling can_irq.c...
compiling ctu_hw.c...
compiling dma_hw.c...
compiling ctu_drv.c...
compiling ckgen_hw.c...
compiling dma_drv.c...
compiling dma_irq.c...
compiling eim_drv.c...
compiling ckgen_drv.c...
compiling flash_irq.c...
compiling eim_hw.c...
compiling gpio_irq.c...
compiling port_hw.c...
compiling flash_drv.c...
compiling pct_hw.c...
compiling gpio_drv.c...
compiling pct_irq.c...
compiling pdt_drv.c...
compiling pct_drv.c...
compiling pdt_hw.c...
compiling pdt_irq.c...
compiling pwm_hw.c...
compiling rcm_drv.c...
compiling pwm_irq.c...
compiling rtc_hw.c...
compiling pwm_common.c...
compiling pwm_input.c...
compiling pwm_output.c...
compiling rtc_drv.c...
compiling rtc_irq.c...
compiling spi_hw.c...
compiling spi_irq.c...
compiling spi_master_drv.c...
compiling spm_drv.c...
compiling spi_shared_function.c...
compiling spi_slave_drv.c...
compiling spm_irq.c...
compiling timer_irq.c...
compiling timer_drv.c...
assembling startup_ac7840x.s...
compiling uart_hw.c...
compiling uart_drv.c...
compiling uart_irq.c...
compiling wdg_irq.c...
compiling osif_baremetal.c...
compiling wdg_hw.c...
compiling wdg_drv.c...
compiling system_ac7840x.c...
linking...
Program Size: Code=35344 RO-data=3468 RW-data=656 ZI-data=2336  
FromELF: creating hex file...
".\Objects\App_Framework.axf" - 0 Error(s), 0 Warning(s).

<h2>Software Packages used:</h2>

Package Vendor: ARM
                http://www.keil.com/pack/ARM.CMSIS.4.5.0.pack
                ARM::CMSIS:CORE:4.3.0
                CMSIS (Cortex Microcontroller Software Interface Standard)
   * Component: CORE Version: 4.3.0

Package Vendor: AutoChips
                https://armfileget.autochips.com/CMSIS_PACK/AC7840x/AutoChips.AC7840x_DFP.3.2.0.pack
                AutoChips::Device:ATC Drivers:ADC:1.0.0
                AutoChips AC7840x Series Device Support, Drivers and Examples
   * Component: ADC Version: 1.0.0
   * Component: CTU Version: 1.0.0
   * Component: DMA Version: 1.0.0
   * Component: CKGEN Version: 3.0.1
   * Component: EIM Version: 1.0.0
   * Component: ACMP Version: 1.0.0
   * Component: Startup Version: 3.0.0
   * Component: CAN Version: 1.0.1
   * Component: RCM Version: 1.0.0
   * Component: Debug Variant: AC7840x Development Kit Version: 1.0.0
   * Component: PDT Version: 1.0.0
   * Component: RTC Version: 3.0.1
   * Component: EFLASH Version: 1.0.1
   * Component: GPIO Version: 1.0.0
   * Component: PCT Version: 1.0.0
   * Component: PWM Version: 1.0.1
   * Component: SPI Version: 3.2.0
   * Component: SPM Version: 1.0.0
   * Component: UART Version: 1.0.1
   * Component: WDG Version: 1.0.0
   * Component: OSIF Variant: Bare Metal Version: 1.0.0
   * Component: TIMER Version: 1.0.0

<h2>Collection of Component include folders:</h2>
  C:\Users\22941\Desktop\高压项目\Development\高压项目代码8.0\MDK-ARM\RTE
  C:\Users\22941\Desktop\高压项目\Development\高压项目代码8.0\MDK-ARM\RTE\Device\AC78406HGLA
  C:\Keil_v5\ARM\PACK\ARM\CMSIS\4.5.0\CMSIS\Include
  C:\Keil_v5\ARM\PACK\AutoChips\AC7840x_DFP\3.2.0\Device\ac7840x\include
  C:\Keil_v5\ARM\PACK\AutoChips\AC7840x_DFP\3.2.0\Device\ac7840x\startup
  C:\Keil_v5\ARM\PACK\AutoChips\AC7840x_DFP\3.2.0\Driver\inc
  C:\Keil_v5\ARM\PACK\AutoChips\AC7840x_DFP\3.2.0\Driver\src\acmp
  C:\Keil_v5\ARM\PACK\AutoChips\AC7840x_DFP\3.2.0\Driver\src\adc
  C:\Keil_v5\ARM\PACK\AutoChips\AC7840x_DFP\3.2.0\Driver\src\can
  C:\Keil_v5\ARM\PACK\AutoChips\AC7840x_DFP\3.2.0\Driver\src\ckgen
  C:\Keil_v5\ARM\PACK\AutoChips\AC7840x_DFP\3.2.0\Driver\src\ctu
  C:\Keil_v5\ARM\PACK\AutoChips\AC7840x_DFP\3.2.0\Driver\src\dma
  C:\Keil_v5\ARM\PACK\AutoChips\AC7840x_DFP\3.2.0\Driver\src\eim
  C:\Keil_v5\ARM\PACK\AutoChips\AC7840x_DFP\3.2.0\Driver\src\flash
  C:\Keil_v5\ARM\PACK\AutoChips\AC7840x_DFP\3.2.0\Driver\src\gpio
  C:\Keil_v5\ARM\PACK\AutoChips\AC7840x_DFP\3.2.0\Driver\src\pct
  C:\Keil_v5\ARM\PACK\AutoChips\AC7840x_DFP\3.2.0\Driver\src\pdt
  C:\Keil_v5\ARM\PACK\AutoChips\AC7840x_DFP\3.2.0\Driver\src\pwm
  C:\Keil_v5\ARM\PACK\AutoChips\AC7840x_DFP\3.2.0\Driver\src\rcm
  C:\Keil_v5\ARM\PACK\AutoChips\AC7840x_DFP\3.2.0\Driver\src\rtc
  C:\Keil_v5\ARM\PACK\AutoChips\AC7840x_DFP\3.2.0\Driver\src\spi
  C:\Keil_v5\ARM\PACK\AutoChips\AC7840x_DFP\3.2.0\Driver\src\spm
  C:\Keil_v5\ARM\PACK\AutoChips\AC7840x_DFP\3.2.0\Driver\src\timer
  C:\Keil_v5\ARM\PACK\AutoChips\AC7840x_DFP\3.2.0\Driver\src\uart
  C:\Keil_v5\ARM\PACK\AutoChips\AC7840x_DFP\3.2.0\Driver\src\wdg
  C:\Keil_v5\ARM\PACK\AutoChips\AC7840x_DFP\3.2.0\Rtos\osif

<h2>Collection of Component Files used:</h2>

   * Component: ARM::CMSIS:CORE:4.3.0

   * Component: AutoChips::Device:ATC Drivers:ADC:1.0.0
      Include file:  Driver\inc\adc_drv.h
      Source file:   Driver\src\adc\adc_hw.c
      Include file:  Driver\src\adc\adc_hw.h
      Source file:   Driver\src\adc\adc_irq.c
      Source file:   Driver\src\adc\adc_drv.c

   * Component: AutoChips::Device:ATC Drivers:CTU:1.0.0
      Include file:  Driver\src\ctu\ctu_hw.h
      Include file:  Driver\inc\ctu_drv.h
      Source file:   Driver\src\ctu\ctu_drv.c
      Source file:   Driver\src\ctu\ctu_hw.c

   * Component: AutoChips::Device:ATC Drivers:DMA:1.0.0
      Source file:   Driver\src\dma\dma_drv.c
      Include file:  Driver\inc\dma_drv.h
      Include file:  Driver\src\dma\dma_hw.h
      Source file:   Driver\src\dma\dma_hw.c
      Source file:   Driver\src\dma\dma_irq.c

   * Component: AutoChips::Device:ATC Drivers:CKGEN:3.0.1
      Include file:  Driver\src\ckgen\ckgen_hw.h
      Source file:   Driver\src\ckgen\ckgen_drv.c
      Include file:  Driver\inc\ckgen_drv.h
      Source file:   Driver\src\ckgen\ckgen_hw.c

   * Component: AutoChips::Device:ATC Drivers:EIM:1.0.0
      Source file:   Driver\src\eim\eim_drv.c
      Include file:  Driver\inc\eim_drv.h
      Include file:  Driver\src\eim\eim_hw.h
      Source file:   Driver\src\eim\eim_hw.c

   * Component: AutoChips::Device:ATC Drivers:ACMP:1.0.0
      Include file:  Driver\src\acmp\acmp_hw.h
      Source file:   Driver\src\acmp\acmp_hw.c
      Source file:   Driver\src\acmp\acmp_drv.c
      Source file:   Driver\src\acmp\acmp_irq.c
      Include file:  Driver\inc\acmp_drv.h

   * Component: AutoChips::Device:Startup:3.0.0
      Include file:  Device\device_status.h
      Include file:  Device\device_register.h
      Source file:   Device\ac7840x\startup\armc\startup_ac7840x.s
      Include file:  Device\ac7840x\include\ac7840x.h
      Include file:  Device\ac7840x\include\ac7840x_features.h
      Include file:  Device\ac7840x\startup\system_ac7840x.h
      Source file:   Device\ac7840x\startup\system_ac7840x.c
      Include file:  Device\device_assert.h

   * Component: AutoChips::Device:ATC Drivers:CAN:1.0.1
      Include file:  Driver\inc\can_drv.h
      Source file:   Driver\src\can\can_drv.c
      Source file:   Driver\src\can\can_irq.c
      Source file:   Driver\src\can\can_hw.c
      Include file:  Driver\src\can\can_hw.h

   * Component: AutoChips::Device:ATC Drivers:RCM:1.0.0
      Include file:  Driver\inc\rcm_drv.h
      Source file:   Driver\src\rcm\rcm_drv.c
      Include file:  Driver\src\rcm\rcm_hw.h

   * Component: AutoChips.AC7840x Development Kit::Board Support:AC7840x Development Kit:Debug:AC7840x Development Kit:1.0.0
      Source file:   Device\ac7840x\startup\debugout_ac7840x.c
      Include file:  Device\ac7840x\startup\debugout_ac7840x.h

   * Component: AutoChips::Device:ATC Drivers:PDT:1.0.0
      Include file:  Driver\src\pdt\pdt_hw.h
      Source file:   Driver\src\pdt\pdt_hw.c
      Source file:   Driver\src\pdt\pdt_drv.c
      Include file:  Driver\inc\pdt_drv.h
      Source file:   Driver\src\pdt\pdt_irq.c

   * Component: AutoChips::Device:ATC Drivers:RTC:3.0.1
      Source file:   Driver\src\rtc\rtc_hw.c
      Include file:  Driver\src\rtc\rtc_hw.h
      Include file:  Driver\inc\rtc_drv.h
      Source file:   Driver\src\rtc\rtc_irq.c
      Source file:   Driver\src\rtc\rtc_drv.c

   * Component: AutoChips::Device:ATC Drivers:EFLASH:1.0.1
      Include file:  Driver\inc\flash_drv.h
      Source file:   Driver\src\flash\flash_irq.c
      Source file:   Driver\src\flash\flash_drv.c
      Include file:  Driver\src\flash\flash_hw.h

   * Component: AutoChips::Device:ATC Drivers:GPIO:1.0.0
      Include file:  Driver\inc\gpio_drv.h
      Include file:  Driver\src\gpio\gpio_hw.h
      Include file:  Driver\src\gpio\port_hw.h
      Source file:   Driver\src\gpio\gpio_drv.c
      Source file:   Driver\src\gpio\gpio_irq.c
      Source file:   Driver\src\gpio\port_hw.c

   * Component: AutoChips::Device:ATC Drivers:PCT:1.0.0
      Source file:   Driver\src\pct\pct_drv.c
      Include file:  Driver\inc\pct_drv.h
      Include file:  Driver\src\pct\pct_hw.h
      Source file:   Driver\src\pct\pct_hw.c
      Source file:   Driver\src\pct\pct_irq.c

   * Component: AutoChips::Device:ATC Drivers:PWM:1.0.1
      Source file:   Driver\src\pwm\pwm_irq.c
      Source file:   Driver\src\pwm\pwm_hw.c
      Source file:   Driver\src\pwm\pwm_input.c
      Source file:   Driver\src\pwm\pwm_output.c
      Include file:  Driver\inc\pwm_common.h
      Include file:  Driver\inc\pwm_output.h
      Include file:  Driver\src\pwm\pwm_hw.h
      Source file:   Driver\src\pwm\pwm_common.c
      Include file:  Driver\inc\pwm_input.h

   * Component: AutoChips::Device:ATC Drivers:SPI:3.2.0
      Include file:  Driver\inc\spi_slave_drv.h
      Include file:  Driver\inc\spi_master_drv.h
      Include file:  Driver\src\spi\spi_hw.h
      Source file:   Driver\src\spi\spi_master_drv.c
      Source file:   Driver\src\spi\spi_shared_function.c
      Include file:  Driver\inc\spi_shared_function.h
      Source file:   Driver\src\spi\spi_irq.c
      Source file:   Driver\src\spi\spi_hw.c
      Source file:   Driver\src\spi\spi_slave_drv.c

   * Component: AutoChips::Device:ATC Drivers:SPM:1.0.0
      Source file:   Driver\src\spm\spm_irq.c
      Include file:  Driver\inc\spm_drv.h
      Source file:   Driver\src\spm\spm_drv.c
      Include file:  Driver\src\spm\spm_hw.h

   * Component: AutoChips::Device:ATC Drivers:UART:1.0.1
      Source file:   Driver\src\uart\uart_drv.c
      Include file:  Driver\inc\uart_drv.h
      Include file:  Driver\src\uart\uart_hw.h
      Include file:  Driver\src\uart\uart_irq.h
      Source file:   Driver\src\uart\uart_hw.c
      Source file:   Driver\src\uart\uart_irq.c

   * Component: AutoChips::Device:ATC Drivers:WDG:1.0.0
      Include file:  Driver\src\wdg\wdg_hw.h
      Include file:  Driver\inc\wdg_drv.h
      Source file:   Driver\src\wdg\wdg_drv.c
      Source file:   Driver\src\wdg\wdg_hw.c
      Source file:   Driver\src\wdg\wdg_irq.c

   * Component: AutoChips::Device:ATC OSIF:OSIF:Bare Metal:1.0.0
      Source file:   Rtos\osif\osif_baremetal.c
      Include file:  Rtos\osif\osif.h

   * Component: AutoChips::Device:ATC Drivers:TIMER:1.0.0
      Include file:  Driver\src\timer\timer_hw.h
      Include file:  Driver\inc\timer_drv.h
      Source file:   Driver\src\timer\timer_drv.c
      Source file:   Driver\src\timer\timer_irq.c
Build Time Elapsed:  00:00:08
</pre>
</body>
</html>
